"../../../Engine/Content/Animation/DefaultAnimBoneCompressionSettings.uasset" 0
"../../../../../../Users/Yaroslav/OneDrive/Unreal/Unreal Projects/Project/JamProject05/Content/Mannequin/Character/Mesh/UE4_Mannequin_Skeleton.uasset" 1
"../../../../../../Users/Yaroslav/OneDrive/Unreal/Unreal Projects/Project/JamProject05/Content/Mannequin/Animations/Test5.uasset" 2
"../../../../../../Users/Yaroslav/OneDrive/Unreal/Unreal Projects/Project/JamProject05/Content/Mannequin/Animations/ThirdPerson_Jump.uasset" 3
"../../../../../../Users/Yaroslav/OneDrive/Unreal/Unreal Projects/Project/JamProject05/Content/Mannequin/Animations/ThirdPersonJump_Loop.uasset" 4
"../../../../../../Users/Yaroslav/OneDrive/Unreal/Unreal Projects/Project/JamProject05/Content/Mannequin/Animations/ThirdPersonJump_Start.uasset" 5
"../../../../../../Users/Yaroslav/OneDrive/Unreal/Unreal Projects/Project/JamProject05/Content/Mannequin/Animations/ThirdPersonIdle.uasset" 6
"../../../../../../Users/Yaroslav/OneDrive/Unreal/Unreal Projects/Project/JamProject05/Content/Mannequin/Animations/ThirdPersonRun.uasset" 7
"../../../../../../Users/Yaroslav/OneDrive/Unreal/Unreal Projects/Project/JamProject05/Content/Mannequin/Animations/ThirdPersonWalk.uasset" 8
"../../../../../../Users/Yaroslav/OneDrive/Unreal/Unreal Projects/Project/JamProject05/Content/Mannequin/Animations/ThirdPerson_IdleRun_2D.uasset" 9
"../../../Engine/Content/EditorBlueprintResources/StandardMacros.uasset" 10
"../../../../../../Users/Yaroslav/OneDrive/Unreal/Unreal Projects/Project/JamProject05/Content/Mannequin/Animations/ThirdPerson_AnimBP.uasset" 11
"../../../Engine/Content/Functions/Engine_MaterialFunctions02/Utility/BlendAngleCorrectedNormals.uasset" 12
"../../../../../../Users/Yaroslav/OneDrive/Unreal/Unreal Projects/Project/JamProject05/Content/StarterContent/Textures/T_Detail_Rocky_N.uasset" 13
"../../../../../../Users/Yaroslav/OneDrive/Unreal/Unreal Projects/Project/JamProject05/Content/StarterContent/Textures/T_Rock_Basalt_D.uasset" 14
"../../../../../../Users/Yaroslav/OneDrive/Unreal/Unreal Projects/Project/JamProject05/Content/StarterContent/Textures/T_RockMesh_M.uasset" 15
"../../../../../../Users/Yaroslav/OneDrive/Unreal/Unreal Projects/Project/JamProject05/Content/StarterContent/Textures/T_RockMesh_N.uasset" 16
"../../../../../../Users/Yaroslav/OneDrive/Unreal/Unreal Projects/Project/JamProject05/Content/StarterContent/Props/Materials/M_Rock.uasset" 17
"../../../Engine/Content/Functions/Engine_MaterialFunctions01/Opacity/CameraDepthFade.uasset" 18
"../../../Engine/Content/EngineMaterials/T_Default_Material_Grid_M.uasset" 19
"../../../Engine/Content/EngineMaterials/T_Default_Material_Grid_N.uasset" 20
"../../../Engine/Content/EngineMaterials/DefaultMaterial.uasset" 21
"../../../Engine/Content/BasicShapes/Sphere.uasset" 22
"../../../../../../Users/Yaroslav/OneDrive/Unreal/Unreal Projects/Project/JamProject05/Content/Man/Textures/Body/T_Man_Body_Albedo.uasset" 23
"../../../../../../Users/Yaroslav/OneDrive/Unreal/Unreal Projects/Project/JamProject05/Content/Man/Textures/Body/T_Man_Body_Ao.uasset" 24
"../../../../../../Users/Yaroslav/OneDrive/Unreal/Unreal Projects/Project/JamProject05/Content/Man/Textures/Body/T_Man_Body_Metallic.uasset" 25
"../../../../../../Users/Yaroslav/OneDrive/Unreal/Unreal Projects/Project/JamProject05/Content/Man/Textures/Body/T_Man_Body_Normals.uasset" 26
"../../../../../../Users/Yaroslav/OneDrive/Unreal/Unreal Projects/Project/JamProject05/Content/Man/Materials/M_MAn_Body.uasset" 27
"../../../../../../Users/Yaroslav/OneDrive/Unreal/Unreal Projects/Project/JamProject05/Content/Man/Mesh/Full/SK_Man_Full_01_PhysicsAsset.uasset" 28
"../../../../../../Users/Yaroslav/OneDrive/Unreal/Unreal Projects/Project/JamProject05/Content/Man/Mesh/Full/SK_Man_Full_01.uasset" 29
"../../../Engine/Content/Functions/Engine_MaterialFunctions02/Utility/BreakOutFloat2Components.uasset" 30
"../../../Engine/Content/Functions/Engine_MaterialFunctions01/Texturing/ScaleUVsByCenter.uasset" 31
"../../../Engine/Content/Functions/Engine_MaterialFunctions02/Texturing/CustomRotator.uasset" 32
"../../../../../../Users/Yaroslav/OneDrive/Unreal/Unreal Projects/Project/JamProject05/Content/ModularSkeletonArmy/Base/Textures/Demotextures/T_RGBA_Mask_NoTint.uasset" 33
"../../../../../../Users/Yaroslav/OneDrive/Unreal/Unreal Projects/Project/JamProject05/Content/ModularSkeletonArmy/Base/Materials/MaterialFunctions/MF_RGBA_Multiplier.uasset" 34
"../../../Engine/Content/EngineMaterials/FlatNormal.uasset" 35
"../../../Engine/Content/EngineResources/WhiteSquareTexture.uasset" 36
"../../../../../../Users/Yaroslav/OneDrive/Unreal/Unreal Projects/Project/JamProject05/Content/ModularSkeletonArmy/Base/Textures/Logo/T_polyphoria_logo.uasset" 37
"../../../../../../Users/Yaroslav/OneDrive/Unreal/Unreal Projects/Project/JamProject05/Content/ModularSkeletonArmy/CharacterParts_Skeleton/Textures/Skeleton/T_skeleton_base_ID.uasset" 38
"../../../../../../Users/Yaroslav/OneDrive/Unreal/Unreal Projects/Project/JamProject05/Content/ModularSkeletonArmy/Base/Materials/MaterialFunctions/MF_RGBA_PatternBlend.uasset" 39
"../../../../../../Users/Yaroslav/OneDrive/Unreal/Unreal Projects/Project/JamProject05/Content/ModularSkeletonArmy/Base/Materials/MaterialFunctions/MF_RGBA_Tint.uasset" 40
"../../../../../../Users/Yaroslav/OneDrive/Unreal/Unreal Projects/Project/JamProject05/Content/ModularSkeletonArmy/CharacterParts_Skeleton/Textures/Skeleton/T_skeleton_base_D.uasset" 41
"../../../../../../Users/Yaroslav/OneDrive/Unreal/Unreal Projects/Project/JamProject05/Content/ModularSkeletonArmy/CharacterParts_Skeleton/Textures/Skeleton/T_skeleton_base_N.uasset" 42
"../../../../../../Users/Yaroslav/OneDrive/Unreal/Unreal Projects/Project/JamProject05/Content/ModularSkeletonArmy/CharacterParts_Skeleton/Textures/Skeleton/T_skeleton_base_ORM.uasset" 43
"../../../../../../Users/Yaroslav/OneDrive/Unreal/Unreal Projects/Project/JamProject05/Content/ModularSkeletonArmy/Base/Materials/M_Base.uasset" 44
"../../../../../../Users/Yaroslav/OneDrive/Unreal/Unreal Projects/Project/JamProject05/Content/ModularSkeletonArmy/Base/Materials/MI_Base_GlobalTint.uasset" 45
"../../../../../../Users/Yaroslav/OneDrive/Unreal/Unreal Projects/Project/JamProject05/Content/ModularSkeletonArmy/CharacterParts_Skeleton/Textures/Accessories/T_pouches_access_D.uasset" 46
"../../../../../../Users/Yaroslav/OneDrive/Unreal/Unreal Projects/Project/JamProject05/Content/ModularSkeletonArmy/CharacterParts_Skeleton/Textures/Accessories/T_pouches_access_ID.uasset" 47
"../../../../../../Users/Yaroslav/OneDrive/Unreal/Unreal Projects/Project/JamProject05/Content/ModularSkeletonArmy/CharacterParts_Skeleton/Textures/Accessories/T_pouches_access_N.uasset" 48
"../../../../../../Users/Yaroslav/OneDrive/Unreal/Unreal Projects/Project/JamProject05/Content/ModularSkeletonArmy/CharacterParts_Skeleton/Textures/Accessories/T_pouches_access_ORM.uasset" 49
"../../../../../../Users/Yaroslav/OneDrive/Unreal/Unreal Projects/Project/JamProject05/Content/ModularSkeletonArmy/CharacterParts_Skeleton/Materials/Skeleton/MI_caster_bags_darken.uasset" 50
"../../../../../../Users/Yaroslav/OneDrive/Unreal/Unreal Projects/Project/JamProject05/Content/ModularSkeletonArmy/CharacterParts_Skeleton/Textures/Skeleton/T_skeleton_Hood_D.uasset" 51
"../../../../../../Users/Yaroslav/OneDrive/Unreal/Unreal Projects/Project/JamProject05/Content/ModularSkeletonArmy/CharacterParts_Skeleton/Textures/Skeleton/T_skeleton_Hood_ID.uasset" 52
"../../../../../../Users/Yaroslav/OneDrive/Unreal/Unreal Projects/Project/JamProject05/Content/ModularSkeletonArmy/CharacterParts_Skeleton/Textures/Skeleton/T_skeleton_Hood_N.uasset" 53
"../../../../../../Users/Yaroslav/OneDrive/Unreal/Unreal Projects/Project/JamProject05/Content/ModularSkeletonArmy/CharacterParts_Skeleton/Textures/Skeleton/T_skeleton_Hood_ORM.uasset" 54
"../../../../../../Users/Yaroslav/OneDrive/Unreal/Unreal Projects/Project/JamProject05/Content/ModularSkeletonArmy/CharacterParts_Skeleton/Materials/Skeleton/MI_skeleton_dress_02.uasset" 55
"../../../../../../Users/Yaroslav/OneDrive/Unreal/Unreal Projects/Project/JamProject05/Content/ModularSkeletonArmy/Base/Materials/MaterialFunctions/MF_RGBYMCA_Multiplier.uasset" 56
"../../../../../../Users/Yaroslav/OneDrive/Unreal/Unreal Projects/Project/JamProject05/Content/ModularSkeletonArmy/Base/Materials/MaterialFunctions/MF_RGBYMCA_Tint.uasset" 57
"../../../../../../Users/Yaroslav/OneDrive/Unreal/Unreal Projects/Project/JamProject05/Content/ModularSkeletonArmy/Base/Materials/M_BaseComplex.uasset" 58
"../../../../../../Users/Yaroslav/OneDrive/Unreal/Unreal Projects/Project/JamProject05/Content/ModularSkeletonArmy/Base/Materials/MI_BaseComplex_GlobalTint.uasset" 59
"../../../../../../Users/Yaroslav/OneDrive/Unreal/Unreal Projects/Project/JamProject05/Content/ModularSkeletonArmy/CharacterParts_Skeleton/Textures/Dress/T_skelly_dress_base_D.uasset" 60
"../../../../../../Users/Yaroslav/OneDrive/Unreal/Unreal Projects/Project/JamProject05/Content/ModularSkeletonArmy/CharacterParts_Skeleton/Textures/Dress/T_skelly_dress_base_ID.uasset" 61
"../../../../../../Users/Yaroslav/OneDrive/Unreal/Unreal Projects/Project/JamProject05/Content/ModularSkeletonArmy/CharacterParts_Skeleton/Textures/Dress/T_skelly_dress_base_N.uasset" 62
"../../../../../../Users/Yaroslav/OneDrive/Unreal/Unreal Projects/Project/JamProject05/Content/ModularSkeletonArmy/CharacterParts_Skeleton/Textures/Dress/T_skelly_dress_base_ORM.uasset" 63
"../../../../../../Users/Yaroslav/OneDrive/Unreal/Unreal Projects/Project/JamProject05/Content/ModularSkeletonArmy/CharacterParts_Skeleton/Materials/Skeleton/MI_skelly_dress_01.uasset" 64
"../../../../../../Users/Yaroslav/OneDrive/Unreal/Unreal Projects/Project/JamProject05/Content/Meshes/Skelly.uasset" 65
"../../../../../../Users/Yaroslav/OneDrive/Unreal/Unreal Projects/Project/JamProject05/Content/UI/WBP_Stamina.uasset" 66
"../../../../../../Users/Yaroslav/OneDrive/Unreal/Unreal Projects/Project/JamProject05/Content/UI/WBP_HUD.uasset" 67
"../../../../../../Users/Yaroslav/OneDrive/Unreal/Unreal Projects/Project/JamProject05/Content/ThirdPersonBP/Blueprints/ThirdPersonCharacter.uasset" 68
"../../../../../../Users/Yaroslav/OneDrive/Unreal/Unreal Projects/Project/JamProject05/Content/SmallSoundKit/SSKWav/AmbienceWav/Amb_Desert_01.uasset" 69
"../../../../../../Users/Yaroslav/OneDrive/Unreal/Unreal Projects/Project/JamProject05/Content/Maps/Level-SpecificBlueprints/BP_Wind.uasset" 70
"../../../../../../Users/Yaroslav/OneDrive/Unreal/Unreal Projects/Project/JamProject05/Content/Cinematics/S_Main.uasset" 71
"../../../Engine/Content/Functions/Engine_MaterialFunctions02/Utility/MakeFloat3.uasset" 72
"../../../../../../Users/Yaroslav/OneDrive/Unreal/Unreal Projects/Project/JamProject05/Content/Hell/Textures/T_Clouds02.uasset" 73
"../../../../../../Users/Yaroslav/OneDrive/Unreal/Unreal Projects/Project/JamProject05/Content/Hell/Materials/M_LavaFlow02.uasset" 74
"../../../../../../Users/Yaroslav/OneDrive/Unreal/Unreal Projects/Project/JamProject05/Content/Hell/Materials/MI_LavaFlow02.uasset" 75
"../../../../../../Users/Yaroslav/OneDrive/Unreal/Unreal Projects/Project/JamProject05/Content/Hell/Textures/T_HellRuins02_A_BC.uasset" 76
"../../../../../../Users/Yaroslav/OneDrive/Unreal/Unreal Projects/Project/JamProject05/Content/Hell/Textures/T_HellRuins02_A_HRM.uasset" 77
"../../../../../../Users/Yaroslav/OneDrive/Unreal/Unreal Projects/Project/JamProject05/Content/Hell/Textures/T_HellRuins02_A_Norm.uasset" 78
"../../../../../../Users/Yaroslav/OneDrive/Unreal/Unreal Projects/Project/JamProject05/Content/Hell/Textures/T_HellRuins02_B_BC.uasset" 79
"../../../../../../Users/Yaroslav/OneDrive/Unreal/Unreal Projects/Project/JamProject05/Content/Hell/Textures/T_HellRuins02_B_Emissive.uasset" 80
"../../../../../../Users/Yaroslav/OneDrive/Unreal/Unreal Projects/Project/JamProject05/Content/Hell/Textures/T_HellRuins02_B_HRM.uasset" 81
"../../../../../../Users/Yaroslav/OneDrive/Unreal/Unreal Projects/Project/JamProject05/Content/Hell/Textures/T_HellRuins02_B_Norm.uasset" 82
"../../../../../../Users/Yaroslav/OneDrive/Unreal/Unreal Projects/Project/JamProject05/Content/Hell/Materials/M_Ruins02.uasset" 83
"../../../../../../Users/Yaroslav/OneDrive/Unreal/Unreal Projects/Project/JamProject05/Content/Hell/Materials/MI_Ruins02.uasset" 84
"../../../../../../Users/Yaroslav/OneDrive/Unreal/Unreal Projects/Project/JamProject05/Content/Hell/Meshes/SM_Ruins_Circle_BorderSection01_Top01.uasset" 85
"../../../../../../Users/Yaroslav/OneDrive/Unreal/Unreal Projects/Project/JamProject05/Content/Hell/Meshes/SM_Ruins_Circle_BorderSection01_Top02_Broken.uasset" 86
"../../../../../../Users/Yaroslav/OneDrive/Unreal/Unreal Projects/Project/JamProject05/Content/Hell/Textures/T_HDRI_Space.uasset" 87
"../../../../../../Users/Yaroslav/OneDrive/Unreal/Unreal Projects/Project/JamProject05/Content/Hell/Materials/M_Sky.uasset" 88
"../../../../../../Users/Yaroslav/OneDrive/Unreal/Unreal Projects/Project/JamProject05/Content/Hell/Meshes/SM_SkySphere.uasset" 89
"../../../Engine/Content/Functions/Engine_MaterialFunctions01/WorldPositionOffset/SimpleGrassWind.uasset" 90
"../../../../../../Users/Yaroslav/OneDrive/Unreal/Unreal Projects/Project/JamProject05/Content/Hell/Textures/T_Clouds04.uasset" 91
"../../../../../../Users/Yaroslav/OneDrive/Unreal/Unreal Projects/Project/JamProject05/Content/Hell/Textures/T_Water002_N.uasset" 92
"../../../../../../Users/Yaroslav/OneDrive/Unreal/Unreal Projects/Project/JamProject05/Content/Hell/Textures/T_Water03_N.uasset" 93
"../../../../../../Users/Yaroslav/OneDrive/Unreal/Unreal Projects/Project/JamProject05/Content/Hell/Materials/M_Lava01.uasset" 94
"../../../../../../Users/Yaroslav/OneDrive/Unreal/Unreal Projects/Project/JamProject05/Content/Hell/Materials/MI_Lava01.uasset" 95
"../../../../../../Users/Yaroslav/OneDrive/Unreal/Unreal Projects/Project/JamProject05/Content/Hell/Meshes/SM_WaterIcePlane01.uasset" 96
"../../../../../../Users/Yaroslav/OneDrive/Unreal/Unreal Projects/Project/JamProject05/Content/Hell/Textures/T_Worm02_BC.uasset" 97
"../../../../../../Users/Yaroslav/OneDrive/Unreal/Unreal Projects/Project/JamProject05/Content/Hell/Textures/T_Worm02_Emissive.uasset" 98
"../../../../../../Users/Yaroslav/OneDrive/Unreal/Unreal Projects/Project/JamProject05/Content/Hell/Textures/T_Worm02_HRM.uasset" 99
"../../../../../../Users/Yaroslav/OneDrive/Unreal/Unreal Projects/Project/JamProject05/Content/Hell/Textures/T_Worm02_Norm.uasset" 100
"../../../../../../Users/Yaroslav/OneDrive/Unreal/Unreal Projects/Project/JamProject05/Content/Hell/Materials/M_Worm02.uasset" 101
"../../../../../../Users/Yaroslav/OneDrive/Unreal/Unreal Projects/Project/JamProject05/Content/Hell/Materials/MI_Worm02.uasset" 102
"../../../../../../Users/Yaroslav/OneDrive/Unreal/Unreal Projects/Project/JamProject05/Content/Hell/Materials/MI_Worm03.uasset" 103
"../../../../../../Users/Yaroslav/OneDrive/Unreal/Unreal Projects/Project/JamProject05/Content/Hell/Meshes/SM_Worms_Cluster.uasset" 104
"../../../../../../Users/Yaroslav/OneDrive/Unreal/Unreal Projects/Project/JamProject05/Content/Hell/Textures/T_Water02_N.uasset" 105
"../../../../../../Users/Yaroslav/OneDrive/Unreal/Unreal Projects/Project/JamProject05/Content/Mannequin/Animations/Anim.uasset" 106
"../../../../../../Users/Yaroslav/OneDrive/Unreal/Unreal Projects/Project/JamProject05/Content/Mannequin/Animations/ThirdPersonJump_End.uasset" 107
"../../../../../../Users/Yaroslav/OneDrive/Unreal/Unreal Projects/Project/JamProject05/Content/Mannequin/Animations/ThirdPerson_TopIdle.uasset" 108
"../../../Engine/Content/Functions/MaterialLayerFunctions/MatLayerBlend_NormalBlend.uasset" 109
"../../../Engine/Content/Functions/MaterialLayerFunctions/MatLayerBlend_Simple.uasset" 110
"../../../../../../Users/Yaroslav/OneDrive/Unreal/Unreal Projects/Project/JamProject05/Content/Mannequin/Character/Materials/MaterialLayers/T_ML_Rubber_Blue_01_D.uasset" 111
"../../../../../../Users/Yaroslav/OneDrive/Unreal/Unreal Projects/Project/JamProject05/Content/Mannequin/Character/Materials/MaterialLayers/T_ML_Rubber_Blue_01_N.uasset" 112
"../../../../../../Users/Yaroslav/OneDrive/Unreal/Unreal Projects/Project/JamProject05/Content/Mannequin/Character/Materials/MaterialLayers/ML_GlossyBlack_Latex_UE4.uasset" 113
"../../../../../../Users/Yaroslav/OneDrive/Unreal/Unreal Projects/Project/JamProject05/Content/Mannequin/Character/Materials/MaterialLayers/ML_Plastic_Shiny_Beige.uasset" 114
"../../../../../../Users/Yaroslav/OneDrive/Unreal/Unreal Projects/Project/JamProject05/Content/Mannequin/Character/Textures/UE4_LOGO_CARD.uasset" 115
"../../../../../../Users/Yaroslav/OneDrive/Unreal/Unreal Projects/Project/JamProject05/Content/Mannequin/Character/Materials/MaterialLayers/ML_Plastic_Shiny_Beige_LOGO.uasset" 116
"../../../../../../Users/Yaroslav/OneDrive/Unreal/Unreal Projects/Project/JamProject05/Content/Mannequin/Character/Materials/MaterialLayers/T_ML_Aluminum01.uasset" 117
"../../../../../../Users/Yaroslav/OneDrive/Unreal/Unreal Projects/Project/JamProject05/Content/Mannequin/Character/Materials/MaterialLayers/T_ML_Aluminum01_N.uasset" 118
"../../../../../../Users/Yaroslav/OneDrive/Unreal/Unreal Projects/Project/JamProject05/Content/Mannequin/Character/Materials/MaterialLayers/ML_SoftMetal_UE4.uasset" 119
"../../../../../../Users/Yaroslav/OneDrive/Unreal/Unreal Projects/Project/JamProject05/Content/Mannequin/Character/Textures/UE4_Mannequin__normals.uasset" 120
"../../../../../../Users/Yaroslav/OneDrive/Unreal/Unreal Projects/Project/JamProject05/Content/Mannequin/Character/Textures/UE4_Mannequin_MAT_MASKA.uasset" 121
"../../../../../../Users/Yaroslav/OneDrive/Unreal/Unreal Projects/Project/JamProject05/Content/Mannequin/Character/Materials/M_UE4Man_Body.uasset" 122
"../../../../../../Users/Yaroslav/OneDrive/Unreal/Unreal Projects/Project/JamProject05/Content/Mannequin/Character/Textures/UE4Man_Logo_N.uasset" 123
"../../../../../../Users/Yaroslav/OneDrive/Unreal/Unreal Projects/Project/JamProject05/Content/Mannequin/Character/Materials/M_UE4Man_ChestLogo.uasset" 124
"../../../../../../Users/Yaroslav/OneDrive/Unreal/Unreal Projects/Project/JamProject05/Content/Mannequin/Character/Mesh/SK_Mannequin_PhysicsAsset.uasset" 125
"../../../../../../Users/Yaroslav/OneDrive/Unreal/Unreal Projects/Project/JamProject05/Content/Mannequin/Character/Mesh/SK_Mannequin.uasset" 126
"../../../../../../Users/Yaroslav/OneDrive/Unreal/Unreal Projects/Project/JamProject05/Content/ModularSkeletonArmy/CharacterParts_Skeleton/Materials/Skeleton/MI_skelly_dress_01_dark.uasset" 127
"../../../../../../Users/Yaroslav/OneDrive/Unreal/Unreal Projects/Project/JamProject05/Content/ModularSkeletonArmy/CharacterParts_Skeleton/Materials/Skeleton/MI_skelly_dress_01_yellow.uasset" 128
"../../../../../../Users/Yaroslav/OneDrive/Unreal/Unreal Projects/Project/JamProject05/Content/ThirdPersonBP/ThirdPersonOverview.uasset" 129
"../../../../../../Users/Yaroslav/OneDrive/Unreal/Unreal Projects/Project/JamProject05/Content/ThirdPersonBP/Blueprints/ThirdPersonGameMode.uasset" 130
"../../../Engine/Content/Animation/DefaultAnimCurveCompressionSettings.uasset" 131
"../../../Engine/Content/EngineMaterials/WorldGridMaterial.uasset" 132
"../../../Engine/Content/ArtTools/RenderToTexture/Meshes/S_1_Unit_Plane.uasset" 133
"../../../Engine/Content/BasicShapes/Cone.uasset" 134
"../../../Engine/Content/BasicShapes/Plane.uasset" 135
"../../../Engine/Content/EditorLandscapeResources/DataLayer.uasset" 136
"../../../Engine/Content/EditorMaterials/MAT_Groups_Toggle.uasset" 137
"../../../Engine/Content/EditorMaterials/MAT_Groups_Visibility.uasset" 138
"../../../Engine/Content/EditorMaterials/PreviewShadowIndicator.uasset" 139
"../../../Engine/Content/EditorMaterials/PreviewShadowIndicatorMaterial.uasset" 140
"../../../Engine/Content/EditorMaterials/MatineeGroups/MAT_ColorTrack.uasset" 141
"../../../Engine/Content/EditorMaterials/MatineeGroups/MAT_Groups_Anim.uasset" 142
"../../../Engine/Content/EditorMaterials/MatineeGroups/MAT_Groups_AudioMaster.uasset" 143
"../../../Engine/Content/EditorMaterials/MatineeGroups/MAT_Groups_Director.uasset" 144
"../../../Engine/Content/EditorMaterials/MatineeGroups/MAT_Groups_Event.uasset" 145
"../../../Engine/Content/EditorMaterials/MatineeGroups/MAT_Groups_Fade.uasset" 146
"../../../Engine/Content/EditorMaterials/MatineeGroups/MAT_Groups_Float.uasset" 147
"../../../Engine/Content/EditorMaterials/MatineeGroups/MAT_Groups_Move.uasset" 148
"../../../Engine/Content/EditorMaterials/MatineeGroups/MAT_Groups_Slomo.uasset" 149
"../../../Engine/Content/EditorMaterials/MatineeGroups/MAT_Groups_Sound.uasset" 150
"../../../Engine/Content/EditorMaterials/MatineeGroups/MAT_Groups_Vector.uasset" 151
"../../../Engine/Content/EditorMaterials/ParticleSystems/PSysThumbnail_NoImage.uasset" 152
"../../../Engine/Content/EditorMaterials/ParticleSystems/PSysThumbnail_OOD.uasset" 153
"../../../Engine/Content/EditorMaterials/Camera/CineMat.uasset" 154
"../../../Engine/Content/EditorMaterials/Camera/MI_CineMat_Rig.uasset" 155
"../../../Engine/Content/EditorMeshes/Camera/SM_CraneRig_Arm.uasset" 156
"../../../Engine/Content/EditorMeshes/Camera/SM_CraneRig_Base.uasset" 157
"../../../Engine/Content/EditorMeshes/Camera/SM_CraneRig_Body.uasset" 158
"../../../Engine/Content/EditorMeshes/Camera/SM_CraneRig_Mount.uasset" 159
"../../../Engine/Content/EditorMeshes/Camera/SM_RailRig_Mount.uasset" 160
"../../../Engine/Content/EditorMeshes/Camera/SM_RailRig_Track.uasset" 161
"../../../Engine/Content/EditorResources/BSPVertex.uasset" 162
"../../../Engine/Content/EditorResources/EmptyActor.uasset" 163
"../../../Engine/Content/EditorResources/S_Actor.uasset" 164
"../../../Engine/Content/EditorResources/S_Note.uasset" 165
"../../../Engine/Content/EditorResources/S_Solver.uasset" 166
"../../../Engine/Content/EditorResources/S_Trigger.uasset" 167
"../../../Engine/Content/EditorResources/LightIcons/S_LightError.uasset" 168
"../../../Engine/Content/EditorResources/SequenceRecorder/Countdown.uasset" 169
"../../../Engine/Content/EditorResources/SequenceRecorder/RecordingIndicator.uasset" 170
"../../../Engine/Content/EditorSounds/Notifications/CompileFailed.uasset" 171
"../../../Engine/Content/EditorSounds/Notifications/CompileFailed_Cue.uasset" 172
"../../../Engine/Content/EditorSounds/Notifications/CompileSuccess.uasset" 173
"../../../Engine/Content/EditorSounds/Notifications/CompileStart_Cue.uasset" 174
"../../../Engine/Content/EditorSounds/Notifications/CompileSuccess_Cue.uasset" 175
"../../../Engine/Content/EngineDamageTypes/DmgTypeBP_Environmental.uasset" 176
"../../../Engine/Content/EngineDebugMaterials/DebugEditorMaterial.uasset" 177
"../../../Engine/Content/EngineDebugMaterials/DebugMeshMaterial.uasset" 178
"../../../Engine/Content/EngineDebugMaterials/M_SimpleUnlitTranslucent.uasset" 179
"../../../Engine/Content/Functions/Engine_MaterialFunctions02/Utility/CameraDirectionVector.uasset" 180
"../../../Engine/Content/EngineDebugMaterials/VolumeToRender.uasset" 181
"../../../Engine/Content/EngineDebugMaterials/M_VolumeRenderSphereTracePP.uasset" 182
"../../../Engine/Content/EngineDebugMaterials/WireframeMaterial.uasset" 183
"../../../Engine/Content/EngineFonts/Faces/DroidSansFallback.uasset" 184
"../../../Engine/Content/EngineFonts/Faces/RobotoBold.uasset" 185
"../../../Engine/Content/EngineFonts/Faces/RobotoBoldItalic.uasset" 186
"../../../Engine/Content/EngineFonts/Faces/RobotoItalic.uasset" 187
"../../../Engine/Content/EngineFonts/Faces/RobotoLight.uasset" 188
"../../../Engine/Content/EngineFonts/Faces/RobotoRegular.uasset" 189
"../../../Engine/Content/EngineFonts/Roboto.uasset" 190
"../../../Engine/Content/EngineMaterials/BaseFlattenDiffuseMap.uasset" 191
"../../../Engine/Content/EngineMaterials/BaseFlattenEmissiveMap.uasset" 192
"../../../Engine/Content/EngineMaterials/BaseFlattenGrayscaleMap.uasset" 193
"../../../Engine/Content/EngineMaterials/BaseFlattenNormalMap.uasset" 194
"../../../Engine/Content/EngineMaterials/BaseFlattenMaterial.uasset" 195
"../../../Engine/Content/EngineMaterials/BlueNoise.uasset" 196
"../../../Engine/Content/EngineMaterials/DefaultBloomKernel.uasset" 197
"../../../Engine/Content/EngineMaterials/DefaultBokeh.uasset" 198
"../../../Engine/Content/EngineMaterials/DefaultDiffuse.uasset" 199
"../../../Engine/Content/EngineMaterials/DefaultDeferredDecalMaterial.uasset" 200
"../../../Engine/Content/EngineMaterials/DefaultLightFunctionMaterial.uasset" 201
"../../../Engine/Content/EngineMaterials/DefaultPostProcessMaterial.uasset" 202
"../../../Engine/Content/EngineFonts/RobotoDistanceField.uasset" 203
"../../../Engine/Content/EngineMaterials/DefaultTextMaterialOpaque.uasset" 204
"../../../Engine/Content/EngineMaterials/DefaultWhiteGrid.uasset" 205
"../../../Engine/Content/EngineMaterials/DefaultWhiteGrid_Low.uasset" 206
"../../../Engine/Content/EngineMaterials/EmissiveMeshMaterial.uasset" 207
"../../../Engine/Content/EngineMaterials/GizmoMaterial.uasset" 208
"../../../Engine/Content/EngineMaterials/Good64x64TilingNoiseHighFreq.uasset" 209
"../../../Engine/Content/EngineMaterials/MiniFont.uasset" 210
"../../../Engine/Content/EngineMaterials/InvalidLightmapSettings.uasset" 211
"../../../Engine/Content/EngineMaterials/M_InvalidLightmapSettings.uasset" 212
"../../../Engine/Content/Functions/Engine_MaterialFunctions02/WorldPositionOffset/CameraOffset.uasset" 213
"../../../Engine/Content/EngineMaterials/PhAT_JointLimitMaterial.uasset" 214
"../../../Engine/Content/EngineMaterials/PreintegratedSkinBRDF.uasset" 215
"../../../Engine/Content/EngineMaterials/RemoveSurfaceMaterial.uasset" 216
"../../../Engine/Content/EngineMaterials/Widget3DPassThrough.uasset" 217
"../../../Engine/Content/EngineMaterials/Widget3DPassThrough_Masked.uasset" 218
"../../../Engine/Content/EngineMaterials/Widget3DPassThrough_Masked_OneSided.uasset" 219
"../../../Engine/Content/EngineMaterials/Widget3DPassThrough_Opaque.uasset" 220
"../../../Engine/Content/EngineMaterials/Widget3DPassThrough_Opaque_OneSided.uasset" 221
"../../../Engine/Content/EngineMaterials/Widget3DPassThrough_Translucent.uasset" 222
"../../../Engine/Content/EngineMaterials/Widget3DPassThrough_Translucent_OneSided.uasset" 223
"../../../Engine/Content/EngineMeshes/Cylinder.uasset" 224
"../../../Engine/Content/EngineMeshes/Sphere.uasset" 225
"../../../Engine/Content/EngineResources/Black.uasset" 226
"../../../Engine/Content/EngineResources/DefaultTexture.uasset" 227
"../../../Engine/Content/EngineResources/DefaultTextureCube.uasset" 228
"../../../Engine/Content/EngineResources/DefaultVolumeTexture2D.uasset" 229
"../../../Engine/Content/EngineResources/DefaultVolumeTexture.uasset" 230
"../../../Engine/Content/EngineResources/GradientTexture0.uasset" 231
"../../../Engine/Content/EngineSounds/Master.uasset" 232
"../../../Engine/Content/Functions/Engine_MaterialFunctions01/Shading/ConvertFromDiffSpec.uasset" 233
"../../../Engine/Content/Functions/Engine_MaterialFunctions01/Shading/PowerToRoughness.uasset" 234
"../../../Engine/Content/Maps/Templates/Thumbnails/Default.uasset" 235
"../../../Engine/Content/Maps/Templates/Thumbnails/TimeOfDay.uasset" 236
"../../../Engine/Content/Maps/Templates/Thumbnails/VR-Basic.uasset" 237
"../../../Engine/Content/MobileResources/T_MobileControls_texture.uasset" 238
"../../../Engine/Content/MobileResources/T_MobileMenu2.uasset" 239
"../../../Engine/Content/MobileResources/HUD/AnalogHat.uasset" 240
"../../../Engine/Content/MobileResources/HUD/VirtualJoystick_Background.uasset" 241
"../../../Engine/Content/MobileResources/HUD/VirtualJoystick_Thumb.uasset" 242
"../../../Engine/Content/MobileResources/HUD/DefaultVirtualJoysticks.uasset" 243
"../../../Engine/Content/MobileResources/HUD/LeftVirtualJoystickOnly.uasset" 244
"../../../Engine/Content/MobileResources/HUD/MobileHUDButton1_off.uasset" 245
"../../../Engine/Content/MobileResources/HUD/MobileHUDButton1_on.uasset" 246
"../../../Engine/Content/MobileResources/HUD/MobileHUDButton2_off.uasset" 247
"../../../Engine/Content/MobileResources/HUD/MobileHUDButton2_on.uasset" 248
"../../../Engine/Content/MobileResources/HUD/MobileHUDButton3.uasset" 249
"../../../Engine/Content/MobileResources/HUD/MobileHUDButtonFire.uasset" 250
"../../../Engine/Content/MobileResources/HUD/MobileHUDDirectionPad.uasset" 251
"../../../Engine/Content/MobileResources/HUD/MobileHUDDirectionPad2.uasset" 252
"../../../Engine/Content/MobileResources/HUD/MobileHUDDirectionPad3.uasset" 253
"../../../Engine/Content/MobileResources/HUD/MobileHUDDirectionStick.uasset" 254
"../../../Engine/Content/MobileResources/HUD/T_Castle_ThumbstickInner.uasset" 255
"../../../Engine/Content/MobileResources/HUD/T_Castle_ThumbstickOutter.uasset" 256
"../../../Engine/Content/Tutorial/ContentIntroCurve.uasset" 257
"../../../Engine/Content/Tutorial/Basics/LevelEditorAttract.uasset" 258
"../../../Engine/Content/Tutorial/Basics/TutorialAssets/icon_tab_Levels_40x.uasset" 259
"../../../Engine/Content/Tutorial/Basics/LevelEditorOverview.uasset" 260
"../../../Engine/Content/Tutorial/BlueprintTutorials/TutorialAssets/Blueprint_64x.uasset" 261
"../../../Engine/Content/Tutorial/BlueprintTutorials/BlueprintEditorTutorial.uasset" 262
"../../../Engine/Content/Tutorial/Installation/InstallingVisualStudioTutorial.uasset" 263
"../../../Engine/Content/VREditor/LaserPointer/VR_LaserPower_01.uasset" 264
"../../../Engine/Content/VREditor/TransformGizmo/TransformGizmoMaterial.uasset" 265
"../../../Engine/Content/VREditor/TransformGizmo/TranslucentTransformGizmoMaterial.uasset" 266
"../../../Engine/Content/VREditor/TransformGizmo/BoundingBoxCorner.uasset" 267
"../../../Engine/Content/VREditor/TransformGizmo/BoundingBoxEdge.uasset" 268
"../../../Engine/Content/VREditor/TransformGizmo/PlaneTranslationHandle.uasset" 269
"../../../Engine/Content/VREditor/TransformGizmo/Main.uasset" 270
"../../../Engine/Content/VREditor/TransformGizmo/Xray.uasset" 271
"../../../Engine/Content/VREditor/TransformGizmo/SM_Sequencer_Key.uasset" 272
"../../../Engine/Content/VREditor/TransformGizmo/SM_Sequencer_Node.uasset" 273
"../../Plugins/2D/Paper2D/Content/PlaceholderTextures/DummySpriteTexture.uasset" 274
"../../Plugins/2D/Paper2D/Content/DummySprite.uasset" 275
"../../Plugins/2D/Paper2D/Content/DefaultPaperTerrainMaterial.uasset" 276
"../../Plugins/2D/Paper2D/Content/DefaultSpriteMaterial.uasset" 277
"../../Plugins/2D/Paper2D/Content/MaskedUnlitSpriteMaterial.uasset" 278
"../../Plugins/2D/Paper2D/Content/OpaqueUnlitSpriteMaterial.uasset" 279
"../../Plugins/FX/Niagara/Content/Enums/ENiagaraBooleanLogicOps.uasset" 280
"../../Plugins/FX/Niagara/Content/Enums/ENiagaraCoordinateSpace.uasset" 281
"../../Plugins/FX/Niagara/Content/Enums/ENiagaraExpansionMode.uasset" 282
"../../Plugins/FX/Niagara/Content/Enums/ENiagaraOrientationAxis.uasset" 283
"../../Plugins/FX/Niagara/Content/Enums/ENiagaraRandomnessMode.uasset" 284
"../../../Engine/Content/Functions/Engine_MaterialFunctions02/Utility/BreakOutFloat4Components.uasset" 285
"../../../Engine/Content/Functions/Engine_MaterialFunctions02/Utility/MakeFloat2.uasset" 286
"../../Plugins/Runtime/Oculus/OculusVR/Content/Materials/OculusMR_ChromaKey.uasset" 287
"../../Plugins/Runtime/Oculus/OculusVR/Content/Materials/OculusMR_ChromaKey_Lit.uasset" 288
"../../Plugins/Runtime/Oculus/OculusVR/Content/Materials/OculusMR_OpaqueColoredMaterial.uasset" 289
"../../Plugins/Runtime/Oculus/OculusVR/Content/Materials/OculusMR_WhiteMaterial.uasset" 290
"../../../Engine/Content/EngineSky/C_Sky_Cloud_Color.uasset" 291
"../../../Engine/Content/EngineSky/C_Sky_Horizon_Color.uasset" 292
"../../../Engine/Content/EngineSky/C_Sky_Zenith_Color.uasset" 293
"../../../Engine/Content/EngineSky/T_Sky_Blue.uasset" 294
"../../../Engine/Content/EngineSky/T_Sky_Clouds_M.uasset" 295
"../../../Engine/Content/EngineSky/T_Sky_Stars.uasset" 296
"../../../Engine/Content/EngineSky/M_Sky_Panning_Clouds2.uasset" 297
"../../../Engine/Content/EngineSky/SM_SkySphere.uasset" 298
"../../../Engine/Content/EngineSky/BP_Sky_Sphere.uasset" 299
"../../../../../../Users/Yaroslav/OneDrive/Unreal/Unreal Projects/Project/JamProject05/Content/Hell/Maps/Hell01_Demo_sharedassets/Grass_Uncut_LayerInfo2.uasset" 300
"../../../../../../Users/Yaroslav/OneDrive/Unreal/Unreal Projects/Project/JamProject05/Content/Hell/Maps/Hell01_Demo_sharedassets/Ground_Gravel_LayerInfo2.uasset" 301
"../../../../../../Users/Yaroslav/OneDrive/Unreal/Unreal Projects/Project/JamProject05/Content/Hell/Maps/Hell01_Demo_sharedassets/SnowFootprints_LayerInfo.uasset" 302
"../../../../../../Users/Yaroslav/OneDrive/Unreal/Unreal Projects/Project/JamProject05/Content/Hell/Maps/Hell01_Demo_sharedassets/Soil_Mud_LayerInfo1.uasset" 303
"../../../../../../Users/Yaroslav/OneDrive/Unreal/Unreal Projects/Project/JamProject05/Content/Maps/Level_Main_BuiltData.uasset" 304
"../../../Engine/Content/BasicShapes/BasicShapeMaterial.uasset" 305
"../../../../../../Users/Yaroslav/OneDrive/Unreal/Unreal Projects/Project/JamProject05/Content/Hell/Textures/T_HellRuins03_A_BC.uasset" 306
"../../../../../../Users/Yaroslav/OneDrive/Unreal/Unreal Projects/Project/JamProject05/Content/Hell/Textures/T_HellRuins03_A_HRM.uasset" 307
"../../../../../../Users/Yaroslav/OneDrive/Unreal/Unreal Projects/Project/JamProject05/Content/Hell/Textures/T_HellRuins03_A_Norm.uasset" 308
"../../../../../../Users/Yaroslav/OneDrive/Unreal/Unreal Projects/Project/JamProject05/Content/Hell/Textures/T_HellRuins03_B_Emissive.uasset" 309
"../../../../../../Users/Yaroslav/OneDrive/Unreal/Unreal Projects/Project/JamProject05/Content/Hell/Textures/T_HellRuins03_B_HRM.uasset" 310
"../../../../../../Users/Yaroslav/OneDrive/Unreal/Unreal Projects/Project/JamProject05/Content/Hell/Textures/T_HellRuins03_B_Norm.uasset" 311
"../../../../../../Users/Yaroslav/OneDrive/Unreal/Unreal Projects/Project/JamProject05/Content/Hell/Materials/M_Ruins03.uasset" 312
"../../../Engine/Content/Functions/Engine_MaterialFunctions02/Utility/VectorLength.uasset" 313
"../../../../../../Users/Yaroslav/OneDrive/Unreal/Unreal Projects/Project/JamProject05/Content/Hell/Textures/T_AshesTileable01_Emissive.uasset" 314
"../../../../../../Users/Yaroslav/OneDrive/Unreal/Unreal Projects/Project/JamProject05/Content/Hell/Textures/T_AshesTileable_BC.uasset" 315
"../../../../../../Users/Yaroslav/OneDrive/Unreal/Unreal Projects/Project/JamProject05/Content/Hell/Textures/T_AshesTileable_HRM.uasset" 316
"../../../../../../Users/Yaroslav/OneDrive/Unreal/Unreal Projects/Project/JamProject05/Content/Hell/Textures/T_AshesTileable_Norm.uasset" 317
"../../../../../../Users/Yaroslav/OneDrive/Unreal/Unreal Projects/Project/JamProject05/Content/Hell/Textures/T_GroundBloody01_BC.uasset" 318
"../../../../../../Users/Yaroslav/OneDrive/Unreal/Unreal Projects/Project/JamProject05/Content/Hell/Textures/T_GroundBloody01_HRM.uasset" 319
"../../../../../../Users/Yaroslav/OneDrive/Unreal/Unreal Projects/Project/JamProject05/Content/Hell/Textures/T_GroundBloody01_Norm.uasset" 320
"../../../../../../Users/Yaroslav/OneDrive/Unreal/Unreal Projects/Project/JamProject05/Content/Hell/Textures/T_GroundPuddles01_BC.uasset" 321
"../../../../../../Users/Yaroslav/OneDrive/Unreal/Unreal Projects/Project/JamProject05/Content/Hell/Textures/T_GroundPuddles01_HRM.uasset" 322
"../../../../../../Users/Yaroslav/OneDrive/Unreal/Unreal Projects/Project/JamProject05/Content/Hell/Textures/T_GroundPuddles01_Norm.uasset" 323
"../../../../../../Users/Yaroslav/OneDrive/Unreal/Unreal Projects/Project/JamProject05/Content/Hell/Textures/T_SnowRock_BC.uasset" 324
"../../../../../../Users/Yaroslav/OneDrive/Unreal/Unreal Projects/Project/JamProject05/Content/Hell/Textures/T_SnowRock_HRM.uasset" 325
"../../../../../../Users/Yaroslav/OneDrive/Unreal/Unreal Projects/Project/JamProject05/Content/Hell/Textures/T_SnowRock_Normal.uasset" 326
"../../../../../../Users/Yaroslav/OneDrive/Unreal/Unreal Projects/Project/JamProject05/Content/Hell/Materials/M_MasterLandscape_Winter_Tessellation.uasset" 327
"../../../../../../Users/Yaroslav/OneDrive/Unreal/Unreal Projects/Project/JamProject05/Content/Hell/Materials/MI_MasterLandscape_Winter_Tessellation.uasset" 328
"../../../Engine/Content/BasicShapes/Cube.uasset" 329
"../../../Engine/Content/BasicShapes/Cylinder.uasset" 330
"../../../Engine/Content/EditorMaterials/AssetViewer/EpicQuadPanorama_CC+EV1.uasset" 331
"../../../Engine/Content/EngineMaterials/DefaultPhysicalMaterial.uasset" 332
"../../../Engine/Content/EngineMaterials/WeightMapPlaceholderTexture.uasset" 333
"../../../Engine/Content/MapTemplates/SM_Template_Map_Floor.uasset" 334
"../../../../../../Users/Yaroslav/OneDrive/Unreal/Unreal Projects/Project/JamProject05/Content/Hell/Textures/T_BoneTileable01_BC.uasset" 335
"../../../../../../Users/Yaroslav/OneDrive/Unreal/Unreal Projects/Project/JamProject05/Content/Hell/Textures/T_BoneTileable01_HRM.uasset" 336
"../../../../../../Users/Yaroslav/OneDrive/Unreal/Unreal Projects/Project/JamProject05/Content/Hell/Textures/T_BoneTileable01_Norm.uasset" 337
"../../../../../../Users/Yaroslav/OneDrive/Unreal/Unreal Projects/Project/JamProject05/Content/Hell/Textures/T_Whale01A_BC.uasset" 338
"../../../../../../Users/Yaroslav/OneDrive/Unreal/Unreal Projects/Project/JamProject05/Content/Hell/Textures/T_Whale01A_Emissive.uasset" 339
"../../../../../../Users/Yaroslav/OneDrive/Unreal/Unreal Projects/Project/JamProject05/Content/Hell/Textures/T_Whale01A_HRM.uasset" 340
"../../../../../../Users/Yaroslav/OneDrive/Unreal/Unreal Projects/Project/JamProject05/Content/Hell/Textures/T_Whale01A_Norm.uasset" 341
"../../../../../../Users/Yaroslav/OneDrive/Unreal/Unreal Projects/Project/JamProject05/Content/Hell/Materials/M_Whale01.uasset" 342
"../../../../../../Users/Yaroslav/OneDrive/Unreal/Unreal Projects/Project/JamProject05/Content/Hell/Materials/MI_Whale01.uasset" 343
"../../../../../../Users/Yaroslav/OneDrive/Unreal/Unreal Projects/Project/JamProject05/Content/Hell/Meshes/SM_Bridge01.uasset" 344
"../../../../../../Users/Yaroslav/OneDrive/Unreal/Unreal Projects/Project/JamProject05/Content/Hell/Textures/T_AshesTileable03_Emissive.uasset" 345
"../../../../../../Users/Yaroslav/OneDrive/Unreal/Unreal Projects/Project/JamProject05/Content/Hell/Textures/T_CaveCliff01_BC.uasset" 346
"../../../../../../Users/Yaroslav/OneDrive/Unreal/Unreal Projects/Project/JamProject05/Content/Hell/Textures/T_CaveCliff01_HRM.uasset" 347
"../../../../../../Users/Yaroslav/OneDrive/Unreal/Unreal Projects/Project/JamProject05/Content/Hell/Textures/T_CaveCliff01_Norm.uasset" 348
"../../../../../../Users/Yaroslav/OneDrive/Unreal/Unreal Projects/Project/JamProject05/Content/Hell/Textures/T_Cliff06_Emissive_Mask.uasset" 349
"../../../../../../Users/Yaroslav/OneDrive/Unreal/Unreal Projects/Project/JamProject05/Content/Hell/Textures/T_Cliff06_Mask.uasset" 350
"../../../../../../Users/Yaroslav/OneDrive/Unreal/Unreal Projects/Project/JamProject05/Content/Hell/Textures/T_Cliff06_Norm.uasset" 351
"../../../../../../Users/Yaroslav/OneDrive/Unreal/Unreal Projects/Project/JamProject05/Content/Hell/Textures/T_RockMica01_BC.uasset" 352
"../../../../../../Users/Yaroslav/OneDrive/Unreal/Unreal Projects/Project/JamProject05/Content/Hell/Textures/T_RockMica01_HRM.uasset" 353
"../../../../../../Users/Yaroslav/OneDrive/Unreal/Unreal Projects/Project/JamProject05/Content/Hell/Textures/T_RockMica01_Norm.uasset" 354
"../../../../../../Users/Yaroslav/OneDrive/Unreal/Unreal Projects/Project/JamProject05/Content/Hell/Materials/M_Cliff06_Var2.uasset" 355
"../../../../../../Users/Yaroslav/OneDrive/Unreal/Unreal Projects/Project/JamProject05/Content/Hell/Materials/MI_Cliff06_Var2.uasset" 356
"../../../../../../Users/Yaroslav/OneDrive/Unreal/Unreal Projects/Project/JamProject05/Content/Hell/Meshes/SM_Cliff06.uasset" 357
"../../../../../../Users/Yaroslav/OneDrive/Unreal/Unreal Projects/Project/JamProject05/Content/Hell/Materials/M_LavaFlow01.uasset" 358
"../../../../../../Users/Yaroslav/OneDrive/Unreal/Unreal Projects/Project/JamProject05/Content/Hell/Materials/MI_LavaFlow01.uasset" 359
"../../../../../../Users/Yaroslav/OneDrive/Unreal/Unreal Projects/Project/JamProject05/Content/Hell/Meshes/SM_LavaFall01.uasset" 360
"../../../../../../Users/Yaroslav/OneDrive/Unreal/Unreal Projects/Project/JamProject05/Content/Hell/Textures/T_Monster03A_BC.uasset" 361
"../../../../../../Users/Yaroslav/OneDrive/Unreal/Unreal Projects/Project/JamProject05/Content/Hell/Textures/T_Monster03A_HRM.uasset" 362
"../../../../../../Users/Yaroslav/OneDrive/Unreal/Unreal Projects/Project/JamProject05/Content/Hell/Textures/T_Monster03A_Norm.uasset" 363
"../../../../../../Users/Yaroslav/OneDrive/Unreal/Unreal Projects/Project/JamProject05/Content/Hell/Textures/T_Monster03B_BC.uasset" 364
"../../../../../../Users/Yaroslav/OneDrive/Unreal/Unreal Projects/Project/JamProject05/Content/Hell/Textures/T_Monster03B_Emissive.uasset" 365
"../../../../../../Users/Yaroslav/OneDrive/Unreal/Unreal Projects/Project/JamProject05/Content/Hell/Textures/T_Monster03B_HRM.uasset" 366
"../../../../../../Users/Yaroslav/OneDrive/Unreal/Unreal Projects/Project/JamProject05/Content/Hell/Textures/T_Monster03B_Norm.uasset" 367
"../../../../../../Users/Yaroslav/OneDrive/Unreal/Unreal Projects/Project/JamProject05/Content/Hell/Materials/M_Monster03.uasset" 368
"../../../../../../Users/Yaroslav/OneDrive/Unreal/Unreal Projects/Project/JamProject05/Content/Hell/Materials/MI_Monster03.uasset" 369
"../../../../../../Users/Yaroslav/OneDrive/Unreal/Unreal Projects/Project/JamProject05/Content/Hell/Textures/T_Nail01_BC.uasset" 370
"../../../../../../Users/Yaroslav/OneDrive/Unreal/Unreal Projects/Project/JamProject05/Content/Hell/Textures/T_Nail01_HRM.uasset" 371
"../../../../../../Users/Yaroslav/OneDrive/Unreal/Unreal Projects/Project/JamProject05/Content/Hell/Textures/T_Nail01_Norm.uasset" 372
"../../../../../../Users/Yaroslav/OneDrive/Unreal/Unreal Projects/Project/JamProject05/Content/Hell/Materials/M_Nail01.uasset" 373
"../../../../../../Users/Yaroslav/OneDrive/Unreal/Unreal Projects/Project/JamProject05/Content/Hell/Materials/MI_Nail01.uasset" 374
"../../../../../../Users/Yaroslav/OneDrive/Unreal/Unreal Projects/Project/JamProject05/Content/Hell/Meshes/SM_Monster03_Spike.uasset" 375
"../../../../../../Users/Yaroslav/OneDrive/Unreal/Unreal Projects/Project/JamProject05/Content/Hell/Materials/MI_Ruins03.uasset" 376
"../../../../../../Users/Yaroslav/OneDrive/Unreal/Unreal Projects/Project/JamProject05/Content/Hell/Meshes/SM_Ruins_03_FloorTile02.uasset" 377
"../../../../../../Users/Yaroslav/OneDrive/Unreal/Unreal Projects/Project/JamProject05/Content/Hell/Meshes/SM_Ruins_03_FloorTile03.uasset" 378
"../../../../../../Users/Yaroslav/OneDrive/Unreal/Unreal Projects/Project/JamProject05/Content/Hell/Textures/T_HellRuins01_A_BC.uasset" 379
"../../../../../../Users/Yaroslav/OneDrive/Unreal/Unreal Projects/Project/JamProject05/Content/Hell/Textures/T_HellRuins01_A_HRM.uasset" 380
"../../../../../../Users/Yaroslav/OneDrive/Unreal/Unreal Projects/Project/JamProject05/Content/Hell/Textures/T_HellRuins01_A_Norm.uasset" 381
"../../../../../../Users/Yaroslav/OneDrive/Unreal/Unreal Projects/Project/JamProject05/Content/Hell/Textures/T_HellRuins01_B_BC.uasset" 382
"../../../../../../Users/Yaroslav/OneDrive/Unreal/Unreal Projects/Project/JamProject05/Content/Hell/Textures/T_HellRuins01_B_Emissive.uasset" 383
"../../../../../../Users/Yaroslav/OneDrive/Unreal/Unreal Projects/Project/JamProject05/Content/Hell/Textures/T_HellRuins01_B_HRM.uasset" 384
"../../../../../../Users/Yaroslav/OneDrive/Unreal/Unreal Projects/Project/JamProject05/Content/Hell/Textures/T_HellRuins01_B_Norm.uasset" 385
"../../../../../../Users/Yaroslav/OneDrive/Unreal/Unreal Projects/Project/JamProject05/Content/Hell/Materials/M_Ruins01.uasset" 386
"../../../../../../Users/Yaroslav/OneDrive/Unreal/Unreal Projects/Project/JamProject05/Content/Hell/Materials/MI_Ruins01.uasset" 387
"../../../../../../Users/Yaroslav/OneDrive/Unreal/Unreal Projects/Project/JamProject05/Content/Hell/Meshes/SM_Ruins_Circle_Prefab01.uasset" 388
"../../../../../../Users/Yaroslav/OneDrive/Unreal/Unreal Projects/Project/JamProject05/Content/Hell/Meshes/SM_Ruins_Circle_Prefab02.uasset" 389
"../../../../../../Users/Yaroslav/OneDrive/Unreal/Unreal Projects/Project/JamProject05/Content/Hell/Meshes/SM_Ruins_Circle_Rubble03.uasset" 390
"../../../../../../Users/Yaroslav/OneDrive/Unreal/Unreal Projects/Project/JamProject05/Content/Hell/Meshes/SM_Ruins_Circle_Stairs01.uasset" 391
"../../../../../../Users/Yaroslav/OneDrive/Unreal/Unreal Projects/Project/JamProject05/Content/Hell/Meshes/SM_Ruins_Circle_Stairs02_Broken.uasset" 392
"../../../../../../Users/Yaroslav/OneDrive/Unreal/Unreal Projects/Project/JamProject05/Content/Hell/Textures/T_Bark03_BC.uasset" 393
"../../../../../../Users/Yaroslav/OneDrive/Unreal/Unreal Projects/Project/JamProject05/Content/Hell/Textures/T_Bark03_HRM.uasset" 394
"../../../../../../Users/Yaroslav/OneDrive/Unreal/Unreal Projects/Project/JamProject05/Content/Hell/Textures/T_Bark03_Norm.uasset" 395
"../../../../../../Users/Yaroslav/OneDrive/Unreal/Unreal Projects/Project/JamProject05/Content/Hell/Materials/M_Bark03.uasset" 396
"../../../../../../Users/Yaroslav/OneDrive/Unreal/Unreal Projects/Project/JamProject05/Content/Hell/Materials/MI_Bark03.uasset" 397
"../../../../../../Users/Yaroslav/OneDrive/Unreal/Unreal Projects/Project/JamProject05/Content/Hell/Meshes/SM_TreeMapleDead.uasset" 398
"../../../../../../Users/Yaroslav/OneDrive/Unreal/Unreal Projects/Project/JamProject05/Content/Maps/Level_Main.umap" 399
"../../../../../../Users/Yaroslav/OneDrive/Unreal/Unreal Projects/Project/JamProject05/Content/Maps/Test.umap" 400
"../../../../../../Users/Yaroslav/OneDrive/Unreal/Unreal Projects/Project/JamProject05/Content/Cinematics/Maps/Level_Cinimatics_BuiltData.uasset" 401
"../../../../../../Users/Yaroslav/OneDrive/Unreal/Unreal Projects/Project/JamProject05/Content/Cinematics/Maps/Level_Cinimatics.umap" 402
"../../../../../../Users/Yaroslav/OneDrive/Unreal/Unreal Projects/Project/JamProject05/Content/ThirdPersonBP/Maps/ThirdPersonExampleMap_BuiltData.uasset" 403
"../../../../../../Users/Yaroslav/OneDrive/Unreal/Unreal Projects/Project/JamProject05/Content/Geometry/Meshes/CubeMaterial.uasset" 404
"../../../../../../Users/Yaroslav/OneDrive/Unreal/Unreal Projects/Project/JamProject05/Content/Geometry/Meshes/1M_Cube.uasset" 405
"../../../../../../Users/Yaroslav/OneDrive/Unreal/Unreal Projects/Project/JamProject05/Content/Geometry/Meshes/1M_Cube_Chamfer.uasset" 406
"../../../../../../Users/Yaroslav/OneDrive/Unreal/Unreal Projects/Project/JamProject05/Content/Geometry/Meshes/TemplateFloor.uasset" 407
"../../../../../../Users/Yaroslav/OneDrive/Unreal/Unreal Projects/Project/JamProject05/Content/ThirdPerson/Meshes/RampMaterial.uasset" 408
"../../../../../../Users/Yaroslav/OneDrive/Unreal/Unreal Projects/Project/JamProject05/Content/ThirdPerson/Meshes/Bump_StaticMesh.uasset" 409
"../../../../../../Users/Yaroslav/OneDrive/Unreal/Unreal Projects/Project/JamProject05/Content/ThirdPerson/Meshes/LeftArm_StaticMesh.uasset" 410
"../../../../../../Users/Yaroslav/OneDrive/Unreal/Unreal Projects/Project/JamProject05/Content/ThirdPerson/Meshes/Linear_Stair_StaticMesh.uasset" 411
"../../../../../../Users/Yaroslav/OneDrive/Unreal/Unreal Projects/Project/JamProject05/Content/ThirdPerson/Meshes/Ramp_StaticMesh.uasset" 412
"../../../../../../Users/Yaroslav/OneDrive/Unreal/Unreal Projects/Project/JamProject05/Content/ThirdPerson/Meshes/RightArm_StaticMesh.uasset" 413
"../../../../../../Users/Yaroslav/OneDrive/Unreal/Unreal Projects/Project/JamProject05/Content/ThirdPersonBP/Maps/ThirdPersonExampleMap.umap" 414
"../../../Engine/Content/Maps/Entry_BuiltData.uasset" 415
"../../../Engine/Content/Maps/Entry.umap" 416
